// Jest Snapshot v1, https://goo.gl/fbAQLP

exports[`Contact matches the Snapshot 1`] = `
<DocumentFragment>
  <div
    class="contactContainer"
  >
    <form
      class="contactForm"
    >
      <div
        class="contactDetails"
      >
        Send me a message!
        <label
          for="name"
        >
          <p
            class="labelText"
          >
            Full Name
          </p>
          <input
            class="formInputName"
            data-testid="name"
            name="name"
            type="text"
          />
        </label>
        <label
          for="email"
        >
          <p
            class="labelText"
          >
            Email
          </p>
          <input
            class="formInputEmail"
            data-testid="email"
            name="email"
            type="text"
          />
        </label>
        <label
          for="subject"
        >
          <p
            class="labelText"
          >
            Subject
          </p>
          <input
            class="formInputSubject"
            data-testid="subject"
            name="subject"
            type="text"
          />
        </label>
        <label
          for="message"
        >
          <p
            class="labelText"
          >
            Message
          </p>
          <textarea
            class="textarea"
            data-testid="message"
            name="message"
            type="textarea"
          />
        </label>
      </div>
      <button
        class="submitButtonForm"
        data-testid="submitButton"
        type="submit"
      >
        Send
      </button>
    </form>
  </div>
</DocumentFragment>
`;
